Archive member included to satisfy reference by file (symbol)

c:/program files (x86)/atollic/truestudio for stm32 9.0.1/armtools/bin/../lib/gcc/arm-atollic-eabi/6.3.1/../../../../arm-atollic-eabi/lib/armv7-m\libc_nano.a(lib_a-init.o)
                              ./Libraries/System_stm32f10x/src/startup_stm32f10x_md.o (__libc_init_array)
c:/program files (x86)/atollic/truestudio for stm32 9.0.1/armtools/bin/../lib/gcc/arm-atollic-eabi/6.3.1/../../../../arm-atollic-eabi/lib/armv7-m\libm.a(lib_a-s_round.o)
                              ./src/src/usart.o (round)
c:/program files (x86)/atollic/truestudio for stm32 9.0.1/armtools/bin/../lib/gcc/arm-atollic-eabi/6.3.1/armv7-m\libgcc.a(_arm_addsubdf3.o)
                              ./src/src/usart.o (__aeabi_dsub)
c:/program files (x86)/atollic/truestudio for stm32 9.0.1/armtools/bin/../lib/gcc/arm-atollic-eabi/6.3.1/armv7-m\libgcc.a(_arm_muldivdf3.o)
                              ./src/src/usart.o (__aeabi_dmul)
c:/program files (x86)/atollic/truestudio for stm32 9.0.1/armtools/bin/../lib/gcc/arm-atollic-eabi/6.3.1/armv7-m\libgcc.a(_arm_fixunsdfsi.o)
                              ./src/src/usart.o (__aeabi_d2uiz)
c:/program files (x86)/atollic/truestudio for stm32 9.0.1/armtools/bin/../lib/gcc/arm-atollic-eabi/6.3.1/armv7-m\libgcc.a(_arm_addsubsf3.o)
                              ./src/src/DS18B20.o (__aeabi_ui2f)
c:/program files (x86)/atollic/truestudio for stm32 9.0.1/armtools/bin/../lib/gcc/arm-atollic-eabi/6.3.1/armv7-m\libgcc.a(_arm_muldivsf3.o)
                              ./src/src/DS18B20.o (__aeabi_fdiv)

Allocating common symbols
Common symbol       size              file

RxDMABuffer         0xc8              ./src/src/usart.o

Discarded input sections

 .text          0x00000000        0x0 c:/program files (x86)/atollic/truestudio for stm32 9.0.1/armtools/bin/../lib/gcc/arm-atollic-eabi/6.3.1/armv7-m/crti.o
 .data          0x00000000        0x0 c:/program files (x86)/atollic/truestudio for stm32 9.0.1/armtools/bin/../lib/gcc/arm-atollic-eabi/6.3.1/armv7-m/crti.o
 .bss           0x00000000        0x0 c:/program files (x86)/atollic/truestudio for stm32 9.0.1/armtools/bin/../lib/gcc/arm-atollic-eabi/6.3.1/armv7-m/crti.o
 .data          0x00000000        0x4 c:/program files (x86)/atollic/truestudio for stm32 9.0.1/armtools/bin/../lib/gcc/arm-atollic-eabi/6.3.1/armv7-m/crtbegin.o
 .text          0x00000000        0x0 ./src/src/DS18B20.o
 .data          0x00000000        0x0 ./src/src/DS18B20.o
 .bss           0x00000000        0x0 ./src/src/DS18B20.o
 .text          0x00000000        0x0 ./src/src/SysTick.o
 .data          0x00000000        0x0 ./src/src/SysTick.o
 .bss           0x00000000        0x0 ./src/src/SysTick.o
 .text.SysTick_GetCurrentTick
                0x00000000       0x14 ./src/src/SysTick.o
 .text          0x00000000        0x0 ./src/src/dma.o
 .data          0x00000000        0x0 ./src/src/dma.o
 .bss           0x00000000        0x0 ./src/src/dma.o
 .text.DMA1_Channel3_Init
                0x00000000       0xa4 ./src/src/dma.o
 .text.DMA_Channel_Set_Addresses
                0x00000000       0x2a ./src/src/dma.o
 .text          0x00000000        0x0 ./src/src/exti.o
 .data          0x00000000        0x0 ./src/src/exti.o
 .bss           0x00000000        0x0 ./src/src/exti.o
 .text.EXTI_Init_PB
                0x00000000       0x68 ./src/src/exti.o
 .debug_info    0x00000000      0x24d ./src/src/exti.o
 .debug_abbrev  0x00000000       0xc2 ./src/src/exti.o
 .debug_aranges
                0x00000000       0x20 ./src/src/exti.o
 .debug_ranges  0x00000000       0x10 ./src/src/exti.o
 .debug_line    0x00000000      0x1d2 ./src/src/exti.o
 .debug_str     0x00000000      0x26f ./src/src/exti.o
 .comment       0x00000000       0x7d ./src/src/exti.o
 .debug_frame   0x00000000       0x30 ./src/src/exti.o
 .ARM.attributes
                0x00000000       0x33 ./src/src/exti.o
 .text          0x00000000        0x0 ./src/src/gpio.o
 .data          0x00000000        0x0 ./src/src/gpio.o
 .bss           0x00000000        0x0 ./src/src/gpio.o
 .text.GPIO_Init_PB
                0x00000000       0x50 ./src/src/gpio.o
 .text.GPIO_USART2_Init
                0x00000000       0x74 ./src/src/gpio.o
 .text          0x00000000        0x0 ./src/src/memcpy.o
 .data          0x00000000        0x0 ./src/src/memcpy.o
 .bss           0x00000000        0x0 ./src/src/memcpy.o
 .text.memcpy32
                0x00000000       0x54 ./src/src/memcpy.o
 .debug_info    0x00000000      0x161 ./src/src/memcpy.o
 .debug_abbrev  0x00000000       0xda ./src/src/memcpy.o
 .debug_aranges
                0x00000000       0x20 ./src/src/memcpy.o
 .debug_ranges  0x00000000       0x10 ./src/src/memcpy.o
 .debug_line    0x00000000      0x226 ./src/src/memcpy.o
 .debug_str     0x00000000      0x231 ./src/src/memcpy.o
 .comment       0x00000000       0x7d ./src/src/memcpy.o
 .debug_frame   0x00000000       0x38 ./src/src/memcpy.o
 .ARM.attributes
                0x00000000       0x33 ./src/src/memcpy.o
 .text          0x00000000        0x0 ./src/src/nvic.o
 .data          0x00000000        0x0 ./src/src/nvic.o
 .bss           0x00000000        0x0 ./src/src/nvic.o
 .text          0x00000000        0x0 ./src/src/usart.o
 .data          0x00000000        0x0 ./src/src/usart.o
 .bss           0x00000000        0x0 ./src/src/usart.o
 .rodata.hello_world
                0x00000000        0xd ./src/src/usart.o
 .rodata.ask_for_name
                0x00000000       0x13 ./src/src/usart.o
 .rodata.hi     0x00000000        0x4 ./src/src/usart.o
 .rodata.ask_for_command
                0x00000000       0x15 ./src/src/usart.o
 .rodata.ask_for_command_ex
                0x00000000       0x34 ./src/src/usart.o
 .rodata.turn_on_green_led
                0x00000000       0x12 ./src/src/usart.o
 .rodata.turn_on_red_led
                0x00000000       0x10 ./src/src/usart.o
 .rodata.turn_off_green_led
                0x00000000       0x13 ./src/src/usart.o
 .rodata.turn_off_red_led
                0x00000000       0x11 ./src/src/usart.o
 .rodata.done   0x00000000        0x5 ./src/src/usart.o
 .rodata.wrong_command
                0x00000000        0xe ./src/src/usart.o
 .rodata.parity_error
                0x00000000        0xd ./src/src/usart.o
 .bss.currentState
                0x00000000        0x1 ./src/src/usart.o
 .text.strCmp   0x00000000       0x56 ./src/src/usart.o
 .text.USART1_TX_DMA_Config
                0x00000000       0xbc ./src/src/usart.o
 .text.USART1_RX_DMA_Config
                0x00000000       0xcc ./src/src/usart.o
 .text.USART_Send_String
                0x00000000       0x60 ./src/src/usart.o
 .text.USART1_GPIO_Init
                0x00000000       0xd8 ./src/src/usart.o
 .text.USART1_Init
                0x00000000       0x9c ./src/src/usart.o
 .text.USART_Enable
                0x00000000       0x72 ./src/src/usart.o
 .text.USART1_Process
                0x00000000      0x1dc ./src/src/usart.o
 .text          0x00000000        0x0 ./src/main.o
 .data          0x00000000        0x0 ./src/main.o
 .bss           0x00000000        0x0 ./src/main.o
 .text          0x00000000       0x14 ./Libraries/System_stm32f10x/src/startup_stm32f10x_md.o
 .data          0x00000000        0x0 ./Libraries/System_stm32f10x/src/startup_stm32f10x_md.o
 .bss           0x00000000        0x0 ./Libraries/System_stm32f10x/src/startup_stm32f10x_md.o
 .text          0x00000000        0x0 ./Libraries/System_stm32f10x/src/stm32f1xx_it.o
 .data          0x00000000        0x0 ./Libraries/System_stm32f10x/src/stm32f1xx_it.o
 .bss           0x00000000        0x0 ./Libraries/System_stm32f10x/src/stm32f1xx_it.o
 .text          0x00000000        0x0 ./Libraries/System_stm32f10x/src/system_stm32f10x.o
 .data          0x00000000        0x0 ./Libraries/System_stm32f10x/src/system_stm32f10x.o
 .bss           0x00000000        0x0 ./Libraries/System_stm32f10x/src/system_stm32f10x.o
 .text          0x00000000        0x0 c:/program files (x86)/atollic/truestudio for stm32 9.0.1/armtools/bin/../lib/gcc/arm-atollic-eabi/6.3.1/../../../../arm-atollic-eabi/lib/armv7-m\libc_nano.a(lib_a-init.o)
 .data          0x00000000        0x0 c:/program files (x86)/atollic/truestudio for stm32 9.0.1/armtools/bin/../lib/gcc/arm-atollic-eabi/6.3.1/../../../../arm-atollic-eabi/lib/armv7-m\libc_nano.a(lib_a-init.o)
 .bss           0x00000000        0x0 c:/program files (x86)/atollic/truestudio for stm32 9.0.1/armtools/bin/../lib/gcc/arm-atollic-eabi/6.3.1/../../../../arm-atollic-eabi/lib/armv7-m\libc_nano.a(lib_a-init.o)
 .text          0x00000000        0x0 c:/program files (x86)/atollic/truestudio for stm32 9.0.1/armtools/bin/../lib/gcc/arm-atollic-eabi/6.3.1/../../../../arm-atollic-eabi/lib/armv7-m\libm.a(lib_a-s_round.o)
 .data          0x00000000        0x0 c:/program files (x86)/atollic/truestudio for stm32 9.0.1/armtools/bin/../lib/gcc/arm-atollic-eabi/6.3.1/../../../../arm-atollic-eabi/lib/armv7-m\libm.a(lib_a-s_round.o)
 .bss           0x00000000        0x0 c:/program files (x86)/atollic/truestudio for stm32 9.0.1/armtools/bin/../lib/gcc/arm-atollic-eabi/6.3.1/../../../../arm-atollic-eabi/lib/armv7-m\libm.a(lib_a-s_round.o)
 .data          0x00000000        0x0 c:/program files (x86)/atollic/truestudio for stm32 9.0.1/armtools/bin/../lib/gcc/arm-atollic-eabi/6.3.1/armv7-m\libgcc.a(_arm_addsubdf3.o)
 .bss           0x00000000        0x0 c:/program files (x86)/atollic/truestudio for stm32 9.0.1/armtools/bin/../lib/gcc/arm-atollic-eabi/6.3.1/armv7-m\libgcc.a(_arm_addsubdf3.o)
 .data          0x00000000        0x0 c:/program files (x86)/atollic/truestudio for stm32 9.0.1/armtools/bin/../lib/gcc/arm-atollic-eabi/6.3.1/armv7-m\libgcc.a(_arm_muldivdf3.o)
 .bss           0x00000000        0x0 c:/program files (x86)/atollic/truestudio for stm32 9.0.1/armtools/bin/../lib/gcc/arm-atollic-eabi/6.3.1/armv7-m\libgcc.a(_arm_muldivdf3.o)
 .data          0x00000000        0x0 c:/program files (x86)/atollic/truestudio for stm32 9.0.1/armtools/bin/../lib/gcc/arm-atollic-eabi/6.3.1/armv7-m\libgcc.a(_arm_fixunsdfsi.o)
 .bss           0x00000000        0x0 c:/program files (x86)/atollic/truestudio for stm32 9.0.1/armtools/bin/../lib/gcc/arm-atollic-eabi/6.3.1/armv7-m\libgcc.a(_arm_fixunsdfsi.o)
 .data          0x00000000        0x0 c:/program files (x86)/atollic/truestudio for stm32 9.0.1/armtools/bin/../lib/gcc/arm-atollic-eabi/6.3.1/armv7-m\libgcc.a(_arm_addsubsf3.o)
 .bss           0x00000000        0x0 c:/program files (x86)/atollic/truestudio for stm32 9.0.1/armtools/bin/../lib/gcc/arm-atollic-eabi/6.3.1/armv7-m\libgcc.a(_arm_addsubsf3.o)
 .data          0x00000000        0x0 c:/program files (x86)/atollic/truestudio for stm32 9.0.1/armtools/bin/../lib/gcc/arm-atollic-eabi/6.3.1/armv7-m\libgcc.a(_arm_muldivsf3.o)
 .bss           0x00000000        0x0 c:/program files (x86)/atollic/truestudio for stm32 9.0.1/armtools/bin/../lib/gcc/arm-atollic-eabi/6.3.1/armv7-m\libgcc.a(_arm_muldivsf3.o)
 .text          0x00000000        0x0 c:/program files (x86)/atollic/truestudio for stm32 9.0.1/armtools/bin/../lib/gcc/arm-atollic-eabi/6.3.1/armv7-m/crtend.o
 .data          0x00000000        0x0 c:/program files (x86)/atollic/truestudio for stm32 9.0.1/armtools/bin/../lib/gcc/arm-atollic-eabi/6.3.1/armv7-m/crtend.o
 .bss           0x00000000        0x0 c:/program files (x86)/atollic/truestudio for stm32 9.0.1/armtools/bin/../lib/gcc/arm-atollic-eabi/6.3.1/armv7-m/crtend.o
 .eh_frame      0x00000000        0x4 c:/program files (x86)/atollic/truestudio for stm32 9.0.1/armtools/bin/../lib/gcc/arm-atollic-eabi/6.3.1/armv7-m/crtend.o
 .ARM.attributes
                0x00000000       0x2d c:/program files (x86)/atollic/truestudio for stm32 9.0.1/armtools/bin/../lib/gcc/arm-atollic-eabi/6.3.1/armv7-m/crtend.o
 .text          0x00000000        0x0 c:/program files (x86)/atollic/truestudio for stm32 9.0.1/armtools/bin/../lib/gcc/arm-atollic-eabi/6.3.1/armv7-m/crtn.o
 .data          0x00000000        0x0 c:/program files (x86)/atollic/truestudio for stm32 9.0.1/armtools/bin/../lib/gcc/arm-atollic-eabi/6.3.1/armv7-m/crtn.o
 .bss           0x00000000        0x0 c:/program files (x86)/atollic/truestudio for stm32 9.0.1/armtools/bin/../lib/gcc/arm-atollic-eabi/6.3.1/armv7-m/crtn.o

Memory Configuration

Name             Origin             Length             Attributes
FLASH            0x08000000         0x00010000         xr
RAM              0x20000000         0x00005000         xrw
MEMORY_B1        0x60000000         0x00000000         xr
*default*        0x00000000         0xffffffff

Linker script and memory map

LOAD c:/program files (x86)/atollic/truestudio for stm32 9.0.1/armtools/bin/../lib/gcc/arm-atollic-eabi/6.3.1/armv7-m/crti.o
LOAD c:/program files (x86)/atollic/truestudio for stm32 9.0.1/armtools/bin/../lib/gcc/arm-atollic-eabi/6.3.1/armv7-m/crtbegin.o
LOAD ./src/src/DS18B20.o
LOAD ./src/src/SysTick.o
LOAD ./src/src/dma.o
LOAD ./src/src/exti.o
LOAD ./src/src/gpio.o
LOAD ./src/src/memcpy.o
LOAD ./src/src/nvic.o
LOAD ./src/src/usart.o
LOAD ./src/main.o
LOAD ./Libraries/System_stm32f10x/src/startup_stm32f10x_md.o
LOAD ./Libraries/System_stm32f10x/src/stm32f1xx_it.o
LOAD ./Libraries/System_stm32f10x/src/system_stm32f10x.o
                0x00000080                malloc_getpagesize_P = 0x80
START GROUP
LOAD c:/program files (x86)/atollic/truestudio for stm32 9.0.1/armtools/bin/../lib/gcc/arm-atollic-eabi/6.3.1/../../../../arm-atollic-eabi/lib/armv7-m\libc_nano.a
LOAD c:/program files (x86)/atollic/truestudio for stm32 9.0.1/armtools/bin/../lib/gcc/arm-atollic-eabi/6.3.1/../../../../arm-atollic-eabi/lib/armv7-m\libm.a
END GROUP
START GROUP
LOAD c:/program files (x86)/atollic/truestudio for stm32 9.0.1/armtools/bin/../lib/gcc/arm-atollic-eabi/6.3.1/armv7-m\libgcc.a
LOAD c:/program files (x86)/atollic/truestudio for stm32 9.0.1/armtools/bin/../lib/gcc/arm-atollic-eabi/6.3.1/../../../../arm-atollic-eabi/lib/armv7-m\libc_nano.a
END GROUP
START GROUP
LOAD c:/program files (x86)/atollic/truestudio for stm32 9.0.1/armtools/bin/../lib/gcc/arm-atollic-eabi/6.3.1/armv7-m\libgcc.a
LOAD c:/program files (x86)/atollic/truestudio for stm32 9.0.1/armtools/bin/../lib/gcc/arm-atollic-eabi/6.3.1/../../../../arm-atollic-eabi/lib/armv7-m\libc_nano.a
LOAD c:/program files (x86)/atollic/truestudio for stm32 9.0.1/armtools/bin/../lib/gcc/arm-atollic-eabi/6.3.1/../../../../arm-atollic-eabi/lib/armv7-m\libnosys.a
END GROUP
START GROUP
LOAD c:/program files (x86)/atollic/truestudio for stm32 9.0.1/armtools/bin/../lib/gcc/arm-atollic-eabi/6.3.1/armv7-m\libgcc.a
LOAD c:/program files (x86)/atollic/truestudio for stm32 9.0.1/armtools/bin/../lib/gcc/arm-atollic-eabi/6.3.1/../../../../arm-atollic-eabi/lib/armv7-m\libc_nano.a
LOAD c:/program files (x86)/atollic/truestudio for stm32 9.0.1/armtools/bin/../lib/gcc/arm-atollic-eabi/6.3.1/../../../../arm-atollic-eabi/lib/armv7-m\libnosys.a
END GROUP
LOAD c:/program files (x86)/atollic/truestudio for stm32 9.0.1/armtools/bin/../lib/gcc/arm-atollic-eabi/6.3.1/armv7-m/crtend.o
LOAD c:/program files (x86)/atollic/truestudio for stm32 9.0.1/armtools/bin/../lib/gcc/arm-atollic-eabi/6.3.1/armv7-m/crtn.o
                0x20005000                _estack = 0x20005000
                0x00000000                _Min_Heap_Size = 0x0
                0x00000100                _Min_Stack_Size = 0x100

.isr_vector     0x08000000      0x10c
                0x08000000                . = ALIGN (0x4)
 *(.isr_vector)
 .isr_vector    0x08000000      0x10c ./Libraries/System_stm32f10x/src/startup_stm32f10x_md.o
                0x08000000                g_pfnVectors
                0x0800010c                . = ALIGN (0x4)

.text           0x0800010c     0x1c80
                0x0800010c                . = ALIGN (0x4)
 *(.text)
 .text          0x0800010c       0x40 c:/program files (x86)/atollic/truestudio for stm32 9.0.1/armtools/bin/../lib/gcc/arm-atollic-eabi/6.3.1/armv7-m/crtbegin.o
 .text          0x0800014c      0x370 c:/program files (x86)/atollic/truestudio for stm32 9.0.1/armtools/bin/../lib/gcc/arm-atollic-eabi/6.3.1/armv7-m\libgcc.a(_arm_addsubdf3.o)
                0x0800014c                __aeabi_drsub
                0x08000154                __aeabi_dsub
                0x08000154                __subdf3
                0x08000158                __aeabi_dadd
                0x08000158                __adddf3
                0x080003d0                __floatunsidf
                0x080003d0                __aeabi_ui2d
                0x080003f0                __floatsidf
                0x080003f0                __aeabi_i2d
                0x08000414                __aeabi_f2d
                0x08000414                __extendsfdf2
                0x08000450                __floatundidf
                0x08000450                __aeabi_ul2d
                0x08000460                __floatdidf
                0x08000460                __aeabi_l2d
 .text          0x080004bc      0x424 c:/program files (x86)/atollic/truestudio for stm32 9.0.1/armtools/bin/../lib/gcc/arm-atollic-eabi/6.3.1/armv7-m\libgcc.a(_arm_muldivdf3.o)
                0x080004bc                __aeabi_dmul
                0x080004bc                __muldf3
                0x08000710                __divdf3
                0x08000710                __aeabi_ddiv
 .text          0x080008e0       0x40 c:/program files (x86)/atollic/truestudio for stm32 9.0.1/armtools/bin/../lib/gcc/arm-atollic-eabi/6.3.1/armv7-m\libgcc.a(_arm_fixunsdfsi.o)
                0x080008e0                __aeabi_d2uiz
                0x080008e0                __fixunsdfsi
 .text          0x08000920      0x21c c:/program files (x86)/atollic/truestudio for stm32 9.0.1/armtools/bin/../lib/gcc/arm-atollic-eabi/6.3.1/armv7-m\libgcc.a(_arm_addsubsf3.o)
                0x08000920                __aeabi_frsub
                0x08000928                __subsf3
                0x08000928                __aeabi_fsub
                0x0800092c                __aeabi_fadd
                0x0800092c                __addsf3
                0x08000a8c                __aeabi_ui2f
                0x08000a8c                __floatunsisf
                0x08000a94                __aeabi_i2f
                0x08000a94                __floatsisf
                0x08000ab0                __aeabi_ul2f
                0x08000ab0                __floatundisf
                0x08000ac0                __aeabi_l2f
                0x08000ac0                __floatdisf
 .text          0x08000b3c      0x2a0 c:/program files (x86)/atollic/truestudio for stm32 9.0.1/armtools/bin/../lib/gcc/arm-atollic-eabi/6.3.1/armv7-m\libgcc.a(_arm_muldivsf3.o)
                0x08000b3c                __mulsf3
                0x08000b3c                __aeabi_fmul
                0x08000ca4                __aeabi_fdiv
                0x08000ca4                __divsf3
 *(.text*)
 .text.cmdTransmit
                0x08000ddc       0xa0 ./src/src/DS18B20.o
 .text.cmdReceive
                0x08000e7c       0xa0 ./src/src/DS18B20.o
 .text.cmdReset
                0x08000f1c       0xb8 ./src/src/DS18B20.o
 .text.DS18B20_GPIO_Init
                0x08000fd4       0x50 ./src/src/DS18B20.o
                0x08000fd4                DS18B20_GPIO_Init
 .text.DS18B20_TX_DMA_Init
                0x08001024       0xc4 ./src/src/DS18B20.o
                0x08001024                DS18B20_TX_DMA_Init
 .text.DS18B20_RX_DMA_Init
                0x080010e8       0xbc ./src/src/DS18B20.o
                0x080010e8                DS18B20_RX_DMA_Init
 .text.DS18B20_USART3_Init
                0x080011a4       0x50 ./src/src/DS18B20.o
                0x080011a4                DS18B20_USART3_Init
 .text.DS18B20_USART3_Enable
                0x080011f4       0x40 ./src/src/DS18B20.o
                0x080011f4                DS18B20_USART3_Enable
 .text.DS18B20_Process
                0x08001234       0xc8 ./src/src/DS18B20.o
                0x08001234                DS18B20_Process
 .text.USART3_TX_DMA_IRQ_Callback
                0x080012fc       0x34 ./src/src/DS18B20.o
                0x080012fc                USART3_TX_DMA_IRQ_Callback
 .text.USART3_RX_DMA_IRQ_Callback
                0x08001330       0x40 ./src/src/DS18B20.o
                0x08001330                USART3_RX_DMA_IRQ_Callback
 .text.NVIC_SetPriority
                0x08001370       0x54 ./src/src/SysTick.o
 .text.SysTick_Config
                0x080013c4       0x44 ./src/src/SysTick.o
 .text.SysTick_Delay
                0x08001408       0x2c ./src/src/SysTick.o
                0x08001408                SysTick_Delay
 .text.SysTick_Init
                0x08001434       0x50 ./src/src/SysTick.o
                0x08001434                SysTick_Init
 .text.DMA_ChannelEnable
                0x08001484       0x64 ./src/src/dma.o
                0x08001484                DMA_ChannelEnable
 .text.DMA_ChannelDisable
                0x080014e8       0x1e ./src/src/dma.o
                0x080014e8                DMA_ChannelDisable
 *fill*         0x08001506        0x2 
 .text.GPIO_OnBoard_Init_LED
                0x08001508       0x50 ./src/src/gpio.o
                0x08001508                GPIO_OnBoard_Init_LED
 .text.NVIC_SetPriorityGrouping
                0x08001558       0x48 ./src/src/nvic.o
 .text.NVIC_EnableIRQ
                0x080015a0       0x30 ./src/src/nvic.o
 .text.NVIC_SetPriority
                0x080015d0       0x54 ./src/src/nvic.o
 .text.NVIC_Init
                0x08001624       0x7e ./src/src/nvic.o
                0x08001624                NVIC_Init
 *fill*         0x080016a2        0x2 
 .text.NVIC_SetPendingIRQ
                0x080016a4       0x34 ./src/src/usart.o
 .text.USART1_IRQ_Callback
                0x080016d8       0x78 ./src/src/usart.o
                0x080016d8                USART1_IRQ_Callback
 .text.USART1_TX_DMA_IRQ_Callback
                0x08001750       0x50 ./src/src/usart.o
                0x08001750                USART1_TX_DMA_IRQ_Callback
 .text.USART1_RX_DMA_IRQ_Callback
                0x080017a0       0x94 ./src/src/usart.o
                0x080017a0                USART1_RX_DMA_IRQ_Callback
 .text.Cal_USART_BRR_Val
                0x08001834       0xdc ./src/src/usart.o
                0x08001834                Cal_USART_BRR_Val
 .text.main     0x08001910       0x2c ./src/main.o
                0x08001910                main
 .text.Reset_Handler
                0x0800193c       0x54 ./Libraries/System_stm32f10x/src/startup_stm32f10x_md.o
                0x0800193c                Reset_Handler
 .text.Default_Handler
                0x08001990        0x2 ./Libraries/System_stm32f10x/src/startup_stm32f10x_md.o
                0x08001990                TIM1_CC_IRQHandler
                0x08001990                PVD_IRQHandler
                0x08001990                I2C2_EV_IRQHandler
                0x08001990                ADC1_2_IRQHandler
                0x08001990                SPI1_IRQHandler
                0x08001990                TAMPER_IRQHandler
                0x08001990                USART3_IRQHandler
                0x08001990                RTC_IRQHandler
                0x08001990                DMA1_Channel7_IRQHandler
                0x08001990                CAN1_RX1_IRQHandler
                0x08001990                TIM4_IRQHandler
                0x08001990                I2C1_EV_IRQHandler
                0x08001990                DMA1_Channel6_IRQHandler
                0x08001990                TIM3_IRQHandler
                0x08001990                RCC_IRQHandler
                0x08001990                TIM1_TRG_COM_IRQHandler
                0x08001990                DMA1_Channel1_IRQHandler
                0x08001990                Default_Handler
                0x08001990                EXTI15_10_IRQHandler
                0x08001990                EXTI9_5_IRQHandler
                0x08001990                SPI2_IRQHandler
                0x08001990                EXTI4_IRQHandler
                0x08001990                USB_LP_CAN1_RX0_IRQHandler
                0x08001990                USB_HP_CAN1_TX_IRQHandler
                0x08001990                TIM1_UP_IRQHandler
                0x08001990                WWDG_IRQHandler
                0x08001990                TIM2_IRQHandler
                0x08001990                TIM1_BRK_IRQHandler
                0x08001990                RTCAlarm_IRQHandler
                0x08001990                USART2_IRQHandler
                0x08001990                I2C2_ER_IRQHandler
                0x08001990                CAN1_SCE_IRQHandler
                0x08001990                FLASH_IRQHandler
                0x08001990                I2C1_ER_IRQHandler
                0x08001990                USBWakeUp_IRQHandler
 .text.NMI_Handler
                0x08001992        0xc ./Libraries/System_stm32f10x/src/stm32f1xx_it.o
                0x08001992                NMI_Handler
 .text.HardFault_Handler
                0x0800199e        0x6 ./Libraries/System_stm32f10x/src/stm32f1xx_it.o
                0x0800199e                HardFault_Handler
 .text.MemManage_Handler
                0x080019a4        0x6 ./Libraries/System_stm32f10x/src/stm32f1xx_it.o
                0x080019a4                MemManage_Handler
 .text.BusFault_Handler
                0x080019aa        0x6 ./Libraries/System_stm32f10x/src/stm32f1xx_it.o
                0x080019aa                BusFault_Handler
 .text.UsageFault_Handler
                0x080019b0        0x6 ./Libraries/System_stm32f10x/src/stm32f1xx_it.o
                0x080019b0                UsageFault_Handler
 .text.SVC_Handler
                0x080019b6        0xc ./Libraries/System_stm32f10x/src/stm32f1xx_it.o
                0x080019b6                SVC_Handler
 .text.DebugMon_Handler
                0x080019c2        0xc ./Libraries/System_stm32f10x/src/stm32f1xx_it.o
                0x080019c2                DebugMon_Handler
 .text.PendSV_Handler
                0x080019ce        0xc ./Libraries/System_stm32f10x/src/stm32f1xx_it.o
                0x080019ce                PendSV_Handler
 *fill*         0x080019da        0x2 
 .text.SysTick_Handler
                0x080019dc       0x1c ./Libraries/System_stm32f10x/src/stm32f1xx_it.o
                0x080019dc                SysTick_Handler
 .text.EXTI0_IRQHandler
                0x080019f8       0x38 ./Libraries/System_stm32f10x/src/stm32f1xx_it.o
                0x080019f8                EXTI0_IRQHandler
 .text.EXTI1_IRQHandler
                0x08001a30        0xc ./Libraries/System_stm32f10x/src/stm32f1xx_it.o
                0x08001a30                EXTI1_IRQHandler
 .text.EXTI2_IRQHandler
                0x08001a3c        0xc ./Libraries/System_stm32f10x/src/stm32f1xx_it.o
                0x08001a3c                EXTI2_IRQHandler
 .text.EXTI3_IRQHandler
                0x08001a48        0xc ./Libraries/System_stm32f10x/src/stm32f1xx_it.o
                0x08001a48                EXTI3_IRQHandler
 .text.DMA1_Channel4_IRQHandler
                0x08001a54        0xc ./Libraries/System_stm32f10x/src/stm32f1xx_it.o
                0x08001a54                DMA1_Channel4_IRQHandler
 .text.DMA1_Channel5_IRQHandler
                0x08001a60        0xc ./Libraries/System_stm32f10x/src/stm32f1xx_it.o
                0x08001a60                DMA1_Channel5_IRQHandler
 .text.DMA1_Channel2_IRQHandler
                0x08001a6c        0xc ./Libraries/System_stm32f10x/src/stm32f1xx_it.o
                0x08001a6c                DMA1_Channel2_IRQHandler
 .text.DMA1_Channel3_IRQHandler
                0x08001a78        0xc ./Libraries/System_stm32f10x/src/stm32f1xx_it.o
                0x08001a78                DMA1_Channel3_IRQHandler
 .text.USART1_IRQHandler
                0x08001a84        0xc ./Libraries/System_stm32f10x/src/stm32f1xx_it.o
                0x08001a84                USART1_IRQHandler
 .text.SystemInit
                0x08001a90       0x68 ./Libraries/System_stm32f10x/src/system_stm32f10x.o
                0x08001a90                SystemInit
 .text.SystemCoreClockUpdate
                0x08001af8       0xd8 ./Libraries/System_stm32f10x/src/system_stm32f10x.o
                0x08001af8                SystemCoreClockUpdate
 .text.SetSysClock
                0x08001bd0        0xc ./Libraries/System_stm32f10x/src/system_stm32f10x.o
 .text.SetSysClockToHSE
                0x08001bdc       0xc4 ./Libraries/System_stm32f10x/src/system_stm32f10x.o
 .text.__libc_init_array
                0x08001ca0       0x48 c:/program files (x86)/atollic/truestudio for stm32 9.0.1/armtools/bin/../lib/gcc/arm-atollic-eabi/6.3.1/../../../../arm-atollic-eabi/lib/armv7-m\libc_nano.a(lib_a-init.o)
                0x08001ca0                __libc_init_array
 .text.round    0x08001ce8       0x8c c:/program files (x86)/atollic/truestudio for stm32 9.0.1/armtools/bin/../lib/gcc/arm-atollic-eabi/6.3.1/../../../../arm-atollic-eabi/lib/armv7-m\libm.a(lib_a-s_round.o)
                0x08001ce8                round
 *(.glue_7)
 .glue_7        0x08001d74        0x0 linker stubs
 *(.glue_7t)
 .glue_7t       0x08001d74        0x0 linker stubs
 *(.eh_frame)
 .eh_frame      0x08001d74        0x0 c:/program files (x86)/atollic/truestudio for stm32 9.0.1/armtools/bin/../lib/gcc/arm-atollic-eabi/6.3.1/armv7-m/crtbegin.o
 *(.init)
 .init          0x08001d74        0x4 c:/program files (x86)/atollic/truestudio for stm32 9.0.1/armtools/bin/../lib/gcc/arm-atollic-eabi/6.3.1/armv7-m/crti.o
                0x08001d74                _init
 .init          0x08001d78        0x8 c:/program files (x86)/atollic/truestudio for stm32 9.0.1/armtools/bin/../lib/gcc/arm-atollic-eabi/6.3.1/armv7-m/crtn.o
 *(.fini)
 .fini          0x08001d80        0x4 c:/program files (x86)/atollic/truestudio for stm32 9.0.1/armtools/bin/../lib/gcc/arm-atollic-eabi/6.3.1/armv7-m/crti.o
                0x08001d80                _fini
 .fini          0x08001d84        0x8 c:/program files (x86)/atollic/truestudio for stm32 9.0.1/armtools/bin/../lib/gcc/arm-atollic-eabi/6.3.1/armv7-m/crtn.o
                0x08001d8c                . = ALIGN (0x4)
                0x08001d8c                _etext = .

.vfp11_veneer   0x08001d8c        0x0
 .vfp11_veneer  0x08001d8c        0x0 linker stubs

.v4_bx          0x08001d8c        0x0
 .v4_bx         0x08001d8c        0x0 linker stubs

.iplt           0x08001d8c        0x0
 .iplt          0x08001d8c        0x0 c:/program files (x86)/atollic/truestudio for stm32 9.0.1/armtools/bin/../lib/gcc/arm-atollic-eabi/6.3.1/armv7-m/crtbegin.o

.rodata         0x08001d8c       0x30
                0x08001d8c                . = ALIGN (0x4)
 *(.rodata)
 *(.rodata*)
 .rodata.temp_convert
                0x08001d8c       0x10 ./src/src/DS18B20.o
 .rodata.temp_read
                0x08001d9c       0x20 ./src/src/DS18B20.o
                0x08001dbc                . = ALIGN (0x4)

.rel.dyn        0x08001dbc        0x0
 .rel.iplt      0x08001dbc        0x0 c:/program files (x86)/atollic/truestudio for stm32 9.0.1/armtools/bin/../lib/gcc/arm-atollic-eabi/6.3.1/armv7-m/crtbegin.o

.ARM.extab
 *(.ARM.extab* .gnu.linkonce.armextab.*)

.ARM            0x08001dbc        0x0
                0x08001dbc                __exidx_start = .
 *(.ARM.exidx*)
                0x08001dbc                __exidx_end = .

.preinit_array  0x08001dbc        0x0
                0x08001dbc                PROVIDE (__preinit_array_start, .)
 *(.preinit_array*)
                0x08001dbc                PROVIDE (__preinit_array_end, .)

.init_array     0x08001dbc        0x4
                0x08001dbc                PROVIDE (__init_array_start, .)
 *(SORT(.init_array.*))
 *(.init_array*)
 .init_array    0x08001dbc        0x4 c:/program files (x86)/atollic/truestudio for stm32 9.0.1/armtools/bin/../lib/gcc/arm-atollic-eabi/6.3.1/armv7-m/crtbegin.o
                0x08001dc0                PROVIDE (__init_array_end, .)

.fini_array     0x08001dc0        0x4
                [!provide]                PROVIDE (__fini_array_start, .)
 *(SORT(.fini_array.*))
 *(.fini_array*)
 .fini_array    0x08001dc0        0x4 c:/program files (x86)/atollic/truestudio for stm32 9.0.1/armtools/bin/../lib/gcc/arm-atollic-eabi/6.3.1/armv7-m/crtbegin.o
                [!provide]                PROVIDE (__fini_array_end, .)
                0x08001dc4                _sidata = LOADADDR (.data)

.data           0x20000000       0x14 load address 0x08001dc4
                0x20000000                . = ALIGN (0x4)
                0x20000000                _sdata = .
 *(.data)
 *(.data*)
 .data.SystemCoreClock
                0x20000000        0x4 ./Libraries/System_stm32f10x/src/system_stm32f10x.o
                0x20000000                SystemCoreClock
 .data.AHBPrescTable
                0x20000004       0x10 ./Libraries/System_stm32f10x/src/system_stm32f10x.o
                0x20000004                AHBPrescTable
                0x20000014                . = ALIGN (0x4)
                0x20000014                _edata = .

.igot.plt       0x20000014        0x0 load address 0x08001dd8
 .igot.plt      0x20000014        0x0 c:/program files (x86)/atollic/truestudio for stm32 9.0.1/armtools/bin/../lib/gcc/arm-atollic-eabi/6.3.1/armv7-m/crtbegin.o
                0x20000014                . = ALIGN (0x4)

.bss            0x20000014      0x1e0 load address 0x08001dd8
                0x20000014                _sbss = .
                0x20000014                __bss_start__ = _sbss
 *(.bss)
 .bss           0x20000014       0x1c c:/program files (x86)/atollic/truestudio for stm32 9.0.1/armtools/bin/../lib/gcc/arm-atollic-eabi/6.3.1/armv7-m/crtbegin.o
 *(.bss*)
 .bss.temperatureData
                0x20000030       0x20 ./src/src/DS18B20.o
 .bss.temperatureDataReceived
                0x20000050        0x1 ./src/src/DS18B20.o
 *fill*         0x20000051        0x3 
 .bss.currentTemperature
                0x20000054        0x4 ./src/src/DS18B20.o
 .bss.SysTickCounter
                0x20000058        0x4 ./src/src/SysTick.o
                0x20000058                SysTickCounter
 .bss.currentErrorStatus
                0x2000005c        0x1 ./src/src/usart.o
 *fill*         0x2000005d        0x3 
 .bss.RxBuffer  0x20000060       0xc8 ./src/src/usart.o
 .bss.RxMessageLength
                0x20000128        0x1 ./src/src/usart.o
 *(COMMON)
 *fill*         0x20000129        0x3 
 COMMON         0x2000012c       0xc8 ./src/src/usart.o
                0x2000012c                RxDMABuffer
                0x200001f4                . = ALIGN (0x4)
                0x200001f4                _ebss = .
                0x200001f4                __bss_end__ = _ebss

._user_heap_stack
                0x200001f4      0x100 load address 0x08001dd8
                0x200001f4                . = ALIGN (0x4)
                [!provide]                PROVIDE (end, .)
                [!provide]                PROVIDE (_end, .)
                0x200001f4                . = (. + _Min_Heap_Size)
                0x200002f4                . = (. + _Min_Stack_Size)
 *fill*         0x200001f4      0x100 
                0x200002f4                . = ALIGN (0x4)

.memory_b1_text
 *(.mb1text)
 *(.mb1text*)
 *(.mb1rodata)
 *(.mb1rodata*)

/DISCARD/
 libc.a(*)
 libm.a(*)
 libgcc.a(*)

.ARM.attributes
                0x00000000       0x29
 *(.ARM.attributes)
 .ARM.attributes
                0x00000000       0x1d c:/program files (x86)/atollic/truestudio for stm32 9.0.1/armtools/bin/../lib/gcc/arm-atollic-eabi/6.3.1/armv7-m/crti.o
 .ARM.attributes
                0x0000001d       0x2d c:/program files (x86)/atollic/truestudio for stm32 9.0.1/armtools/bin/../lib/gcc/arm-atollic-eabi/6.3.1/armv7-m/crtbegin.o
 .ARM.attributes
                0x0000004a       0x33 ./src/src/DS18B20.o
 .ARM.attributes
                0x0000007d       0x33 ./src/src/SysTick.o
 .ARM.attributes
                0x000000b0       0x33 ./src/src/dma.o
 .ARM.attributes
                0x000000e3       0x33 ./src/src/gpio.o
 .ARM.attributes
                0x00000116       0x33 ./src/src/nvic.o
 .ARM.attributes
                0x00000149       0x33 ./src/src/usart.o
 .ARM.attributes
                0x0000017c       0x33 ./src/main.o
 .ARM.attributes
                0x000001af       0x21 ./Libraries/System_stm32f10x/src/startup_stm32f10x_md.o
 .ARM.attributes
                0x000001d0       0x33 ./Libraries/System_stm32f10x/src/stm32f1xx_it.o
 .ARM.attributes
                0x00000203       0x33 ./Libraries/System_stm32f10x/src/system_stm32f10x.o
 .ARM.attributes
                0x00000236       0x2d c:/program files (x86)/atollic/truestudio for stm32 9.0.1/armtools/bin/../lib/gcc/arm-atollic-eabi/6.3.1/../../../../arm-atollic-eabi/lib/armv7-m\libc_nano.a(lib_a-init.o)
 .ARM.attributes
                0x00000263       0x2d c:/program files (x86)/atollic/truestudio for stm32 9.0.1/armtools/bin/../lib/gcc/arm-atollic-eabi/6.3.1/../../../../arm-atollic-eabi/lib/armv7-m\libm.a(lib_a-s_round.o)
 .ARM.attributes
                0x00000290       0x1d c:/program files (x86)/atollic/truestudio for stm32 9.0.1/armtools/bin/../lib/gcc/arm-atollic-eabi/6.3.1/armv7-m\libgcc.a(_arm_addsubdf3.o)
 .ARM.attributes
                0x000002ad       0x1d c:/program files (x86)/atollic/truestudio for stm32 9.0.1/armtools/bin/../lib/gcc/arm-atollic-eabi/6.3.1/armv7-m\libgcc.a(_arm_muldivdf3.o)
 .ARM.attributes
                0x000002ca       0x1d c:/program files (x86)/atollic/truestudio for stm32 9.0.1/armtools/bin/../lib/gcc/arm-atollic-eabi/6.3.1/armv7-m\libgcc.a(_arm_fixunsdfsi.o)
 .ARM.attributes
                0x000002e7       0x1d c:/program files (x86)/atollic/truestudio for stm32 9.0.1/armtools/bin/../lib/gcc/arm-atollic-eabi/6.3.1/armv7-m\libgcc.a(_arm_addsubsf3.o)
 .ARM.attributes
                0x00000304       0x1d c:/program files (x86)/atollic/truestudio for stm32 9.0.1/armtools/bin/../lib/gcc/arm-atollic-eabi/6.3.1/armv7-m\libgcc.a(_arm_muldivsf3.o)
 .ARM.attributes
                0x00000321       0x1d c:/program files (x86)/atollic/truestudio for stm32 9.0.1/armtools/bin/../lib/gcc/arm-atollic-eabi/6.3.1/armv7-m/crtn.o
OUTPUT(USART_DS18B20_Example.elf elf32-littlearm)

.debug_info     0x00000000     0x4acb
 .debug_info    0x00000000      0xdab ./src/src/DS18B20.o
 .debug_info    0x00000dab      0x614 ./src/src/SysTick.o
 .debug_info    0x000013bf      0x2d7 ./src/src/dma.o
 .debug_info    0x00001696      0x218 ./src/src/gpio.o
 .debug_info    0x000018ae      0x598 ./src/src/nvic.o
 .debug_info    0x00001e46     0x132a ./src/src/usart.o
 .debug_info    0x00003170      0x95a ./src/main.o
 .debug_info    0x00003aca       0x9b ./Libraries/System_stm32f10x/src/startup_stm32f10x_md.o
 .debug_info    0x00003b65      0xabf ./Libraries/System_stm32f10x/src/stm32f1xx_it.o
 .debug_info    0x00004624      0x4a7 ./Libraries/System_stm32f10x/src/system_stm32f10x.o

.debug_abbrev   0x00000000      0xf88
 .debug_abbrev  0x00000000      0x276 ./src/src/DS18B20.o
 .debug_abbrev  0x00000276      0x1c0 ./src/src/SysTick.o
 .debug_abbrev  0x00000436       0xe9 ./src/src/dma.o
 .debug_abbrev  0x0000051f       0xb0 ./src/src/gpio.o
 .debug_abbrev  0x000005cf      0x16c ./src/src/nvic.o
 .debug_abbrev  0x0000073b      0x338 ./src/src/usart.o
 .debug_abbrev  0x00000a73      0x1bd ./src/main.o
 .debug_abbrev  0x00000c30       0x12 ./Libraries/System_stm32f10x/src/startup_stm32f10x_md.o
 .debug_abbrev  0x00000c42      0x1d8 ./Libraries/System_stm32f10x/src/stm32f1xx_it.o
 .debug_abbrev  0x00000e1a      0x16e ./Libraries/System_stm32f10x/src/system_stm32f10x.o

.debug_aranges  0x00000000      0x2f8
 .debug_aranges
                0x00000000       0x70 ./src/src/DS18B20.o
 .debug_aranges
                0x00000070       0x40 ./src/src/SysTick.o
 .debug_aranges
                0x000000b0       0x38 ./src/src/dma.o
 .debug_aranges
                0x000000e8       0x30 ./src/src/gpio.o
 .debug_aranges
                0x00000118       0x38 ./src/src/nvic.o
 .debug_aranges
                0x00000150       0x80 ./src/src/usart.o
 .debug_aranges
                0x000001d0       0x20 ./src/main.o
 .debug_aranges
                0x000001f0       0x28 ./Libraries/System_stm32f10x/src/startup_stm32f10x_md.o
 .debug_aranges
                0x00000218       0xa8 ./Libraries/System_stm32f10x/src/stm32f1xx_it.o
 .debug_aranges
                0x000002c0       0x38 ./Libraries/System_stm32f10x/src/system_stm32f10x.o

.debug_ranges   0x00000000      0x278
 .debug_ranges  0x00000000       0x60 ./src/src/DS18B20.o
 .debug_ranges  0x00000060       0x30 ./src/src/SysTick.o
 .debug_ranges  0x00000090       0x28 ./src/src/dma.o
 .debug_ranges  0x000000b8       0x20 ./src/src/gpio.o
 .debug_ranges  0x000000d8       0x28 ./src/src/nvic.o
 .debug_ranges  0x00000100       0x88 ./src/src/usart.o
 .debug_ranges  0x00000188       0x10 ./src/main.o
 .debug_ranges  0x00000198       0x20 ./Libraries/System_stm32f10x/src/startup_stm32f10x_md.o
 .debug_ranges  0x000001b8       0x98 ./Libraries/System_stm32f10x/src/stm32f1xx_it.o
 .debug_ranges  0x00000250       0x28 ./Libraries/System_stm32f10x/src/system_stm32f10x.o

.debug_line     0x00000000     0x1cc8
 .debug_line    0x00000000      0x481 ./src/src/DS18B20.o
 .debug_line    0x00000481      0x290 ./src/src/SysTick.o
 .debug_line    0x00000711      0x21b ./src/src/dma.o
 .debug_line    0x0000092c      0x1fd ./src/src/gpio.o
 .debug_line    0x00000b29      0x21d ./src/src/nvic.o
 .debug_line    0x00000d46      0x4d0 ./src/src/usart.o
 .debug_line    0x00001216      0x329 ./src/main.o
 .debug_line    0x0000153f       0x9a ./Libraries/System_stm32f10x/src/startup_stm32f10x_md.o
 .debug_line    0x000015d9      0x46e ./Libraries/System_stm32f10x/src/stm32f1xx_it.o
 .debug_line    0x00001a47      0x281 ./Libraries/System_stm32f10x/src/system_stm32f10x.o

.debug_str      0x00000000     0x1314
 .debug_str     0x00000000      0x80e ./src/src/DS18B20.o
                                0x8b3 (size before relaxing)
 .debug_str     0x0000080e      0x409 ./src/src/SysTick.o
                                0x613 (size before relaxing)
 .debug_str     0x00000c17       0x98 ./src/src/dma.o
                                0x2e9 (size before relaxing)
 .debug_str     0x00000caf       0x46 ./src/src/gpio.o
                                0x26e (size before relaxing)
 .debug_str     0x00000cf5       0x6d ./src/src/nvic.o
                                0x5d6 (size before relaxing)
 .debug_str     0x00000d62      0x324 ./src/src/usart.o
                                0xd90 (size before relaxing)
 .debug_str     0x00001086       0x20 ./src/main.o
                                0x676 (size before relaxing)
 .debug_str     0x000010a6      0x198 ./Libraries/System_stm32f10x/src/stm32f1xx_it.o
                                0x7ee (size before relaxing)
 .debug_str     0x0000123e       0xd6 ./Libraries/System_stm32f10x/src/system_stm32f10x.o
                                0x350 (size before relaxing)

.comment        0x00000000       0x7c
 .comment       0x00000000       0x7c ./src/src/DS18B20.o
                                 0x7d (size before relaxing)
 .comment       0x0000007c       0x7d ./src/src/SysTick.o
 .comment       0x0000007c       0x7d ./src/src/dma.o
 .comment       0x0000007c       0x7d ./src/src/gpio.o
 .comment       0x0000007c       0x7d ./src/src/nvic.o
 .comment       0x0000007c       0x7d ./src/src/usart.o
 .comment       0x0000007c       0x7d ./src/main.o
 .comment       0x0000007c       0x7d ./Libraries/System_stm32f10x/src/stm32f1xx_it.o
 .comment       0x0000007c       0x7d ./Libraries/System_stm32f10x/src/system_stm32f10x.o

.debug_frame    0x00000000      0xac4
 .debug_frame   0x00000000      0x188 ./src/src/DS18B20.o
 .debug_frame   0x00000188       0xc8 ./src/src/SysTick.o
 .debug_frame   0x00000250       0xa4 ./src/src/dma.o
 .debug_frame   0x000002f4       0x70 ./src/src/gpio.o
 .debug_frame   0x00000364       0xa4 ./src/src/nvic.o
 .debug_frame   0x00000408      0x1e0 ./src/src/usart.o
 .debug_frame   0x000005e8       0x2c ./src/main.o
 .debug_frame   0x00000614      0x218 ./Libraries/System_stm32f10x/src/stm32f1xx_it.o
 .debug_frame   0x0000082c       0x98 ./Libraries/System_stm32f10x/src/system_stm32f10x.o
 .debug_frame   0x000008c4       0x2c c:/program files (x86)/atollic/truestudio for stm32 9.0.1/armtools/bin/../lib/gcc/arm-atollic-eabi/6.3.1/../../../../arm-atollic-eabi/lib/armv7-m\libc_nano.a(lib_a-init.o)
 .debug_frame   0x000008f0       0x30 c:/program files (x86)/atollic/truestudio for stm32 9.0.1/armtools/bin/../lib/gcc/arm-atollic-eabi/6.3.1/../../../../arm-atollic-eabi/lib/armv7-m\libm.a(lib_a-s_round.o)
 .debug_frame   0x00000920       0xac c:/program files (x86)/atollic/truestudio for stm32 9.0.1/armtools/bin/../lib/gcc/arm-atollic-eabi/6.3.1/armv7-m\libgcc.a(_arm_addsubdf3.o)
 .debug_frame   0x000009cc       0x50 c:/program files (x86)/atollic/truestudio for stm32 9.0.1/armtools/bin/../lib/gcc/arm-atollic-eabi/6.3.1/armv7-m\libgcc.a(_arm_muldivdf3.o)
 .debug_frame   0x00000a1c       0x24 c:/program files (x86)/atollic/truestudio for stm32 9.0.1/armtools/bin/../lib/gcc/arm-atollic-eabi/6.3.1/armv7-m\libgcc.a(_arm_fixunsdfsi.o)
 .debug_frame   0x00000a40       0x4c c:/program files (x86)/atollic/truestudio for stm32 9.0.1/armtools/bin/../lib/gcc/arm-atollic-eabi/6.3.1/armv7-m\libgcc.a(_arm_addsubsf3.o)
 .debug_frame   0x00000a8c       0x38 c:/program files (x86)/atollic/truestudio for stm32 9.0.1/armtools/bin/../lib/gcc/arm-atollic-eabi/6.3.1/armv7-m\libgcc.a(_arm_muldivsf3.o)

Cross Reference Table

Symbol                                            File
ADC1_2_IRQHandler                                 ./Libraries/System_stm32f10x/src/startup_stm32f10x_md.o
AHBPrescTable                                     ./Libraries/System_stm32f10x/src/system_stm32f10x.o
BusFault_Handler                                  ./Libraries/System_stm32f10x/src/stm32f1xx_it.o
                                                  ./Libraries/System_stm32f10x/src/startup_stm32f10x_md.o
CAN1_RX1_IRQHandler                               ./Libraries/System_stm32f10x/src/startup_stm32f10x_md.o
CAN1_SCE_IRQHandler                               ./Libraries/System_stm32f10x/src/startup_stm32f10x_md.o
Cal_USART_BRR_Val                                 ./src/src/usart.o
                                                  ./src/src/DS18B20.o
DMA1_Channel1_IRQHandler                          ./Libraries/System_stm32f10x/src/startup_stm32f10x_md.o
DMA1_Channel2_IRQHandler                          ./Libraries/System_stm32f10x/src/stm32f1xx_it.o
                                                  ./Libraries/System_stm32f10x/src/startup_stm32f10x_md.o
DMA1_Channel3_IRQHandler                          ./Libraries/System_stm32f10x/src/stm32f1xx_it.o
                                                  ./Libraries/System_stm32f10x/src/startup_stm32f10x_md.o
DMA1_Channel3_Init                                ./src/src/dma.o
DMA1_Channel4_IRQHandler                          ./Libraries/System_stm32f10x/src/stm32f1xx_it.o
                                                  ./Libraries/System_stm32f10x/src/startup_stm32f10x_md.o
DMA1_Channel5_IRQHandler                          ./Libraries/System_stm32f10x/src/stm32f1xx_it.o
                                                  ./Libraries/System_stm32f10x/src/startup_stm32f10x_md.o
DMA1_Channel6_IRQHandler                          ./Libraries/System_stm32f10x/src/startup_stm32f10x_md.o
DMA1_Channel7_IRQHandler                          ./Libraries/System_stm32f10x/src/startup_stm32f10x_md.o
DMA_ChannelDisable                                ./src/src/dma.o
                                                  ./src/src/usart.o
                                                  ./src/src/DS18B20.o
DMA_ChannelEnable                                 ./src/src/dma.o
                                                  ./src/src/usart.o
DMA_Channel_Set_Addresses                         ./src/src/dma.o
DS18B20_GPIO_Init                                 ./src/src/DS18B20.o
                                                  ./src/main.o
DS18B20_Process                                   ./src/src/DS18B20.o
                                                  ./src/main.o
DS18B20_RX_DMA_Init                               ./src/src/DS18B20.o
                                                  ./src/main.o
DS18B20_TX_DMA_Init                               ./src/src/DS18B20.o
                                                  ./src/main.o
DS18B20_USART3_Enable                             ./src/src/DS18B20.o
                                                  ./src/main.o
DS18B20_USART3_Init                               ./src/src/DS18B20.o
                                                  ./src/main.o
DebugMon_Handler                                  ./Libraries/System_stm32f10x/src/stm32f1xx_it.o
                                                  ./Libraries/System_stm32f10x/src/startup_stm32f10x_md.o
Default_Handler                                   ./Libraries/System_stm32f10x/src/startup_stm32f10x_md.o
EXTI0_IRQHandler                                  ./Libraries/System_stm32f10x/src/stm32f1xx_it.o
                                                  ./Libraries/System_stm32f10x/src/startup_stm32f10x_md.o
EXTI15_10_IRQHandler                              ./Libraries/System_stm32f10x/src/startup_stm32f10x_md.o
EXTI1_IRQHandler                                  ./Libraries/System_stm32f10x/src/stm32f1xx_it.o
                                                  ./Libraries/System_stm32f10x/src/startup_stm32f10x_md.o
EXTI2_IRQHandler                                  ./Libraries/System_stm32f10x/src/stm32f1xx_it.o
                                                  ./Libraries/System_stm32f10x/src/startup_stm32f10x_md.o
EXTI3_IRQHandler                                  ./Libraries/System_stm32f10x/src/stm32f1xx_it.o
                                                  ./Libraries/System_stm32f10x/src/startup_stm32f10x_md.o
EXTI4_IRQHandler                                  ./Libraries/System_stm32f10x/src/startup_stm32f10x_md.o
EXTI9_5_IRQHandler                                ./Libraries/System_stm32f10x/src/startup_stm32f10x_md.o
EXTI_Init_PB                                      ./src/src/exti.o
FLASH_IRQHandler                                  ./Libraries/System_stm32f10x/src/startup_stm32f10x_md.o
GPIO_Init_PB                                      ./src/src/gpio.o
GPIO_OnBoard_Init_LED                             ./src/src/gpio.o
                                                  ./src/main.o
GPIO_USART2_Init                                  ./src/src/gpio.o
HardFault_Handler                                 ./Libraries/System_stm32f10x/src/stm32f1xx_it.o
                                                  ./Libraries/System_stm32f10x/src/startup_stm32f10x_md.o
I2C1_ER_IRQHandler                                ./Libraries/System_stm32f10x/src/startup_stm32f10x_md.o
I2C1_EV_IRQHandler                                ./Libraries/System_stm32f10x/src/startup_stm32f10x_md.o
I2C2_ER_IRQHandler                                ./Libraries/System_stm32f10x/src/startup_stm32f10x_md.o
I2C2_EV_IRQHandler                                ./Libraries/System_stm32f10x/src/startup_stm32f10x_md.o
MemManage_Handler                                 ./Libraries/System_stm32f10x/src/stm32f1xx_it.o
                                                  ./Libraries/System_stm32f10x/src/startup_stm32f10x_md.o
NMI_Handler                                       ./Libraries/System_stm32f10x/src/stm32f1xx_it.o
                                                  ./Libraries/System_stm32f10x/src/startup_stm32f10x_md.o
NVIC_Init                                         ./src/src/nvic.o
                                                  ./src/main.o
PVD_IRQHandler                                    ./Libraries/System_stm32f10x/src/startup_stm32f10x_md.o
PendSV_Handler                                    ./Libraries/System_stm32f10x/src/stm32f1xx_it.o
                                                  ./Libraries/System_stm32f10x/src/startup_stm32f10x_md.o
RCC_IRQHandler                                    ./Libraries/System_stm32f10x/src/startup_stm32f10x_md.o
RTCAlarm_IRQHandler                               ./Libraries/System_stm32f10x/src/startup_stm32f10x_md.o
RTC_IRQHandler                                    ./Libraries/System_stm32f10x/src/startup_stm32f10x_md.o
Reset_Handler                                     ./Libraries/System_stm32f10x/src/startup_stm32f10x_md.o
RxDMABuffer                                       ./src/src/usart.o
SPI1_IRQHandler                                   ./Libraries/System_stm32f10x/src/startup_stm32f10x_md.o
SPI2_IRQHandler                                   ./Libraries/System_stm32f10x/src/startup_stm32f10x_md.o
SVC_Handler                                       ./Libraries/System_stm32f10x/src/stm32f1xx_it.o
                                                  ./Libraries/System_stm32f10x/src/startup_stm32f10x_md.o
SysTickCounter                                    ./src/src/SysTick.o
                                                  ./Libraries/System_stm32f10x/src/stm32f1xx_it.o
SysTick_Delay                                     ./src/src/SysTick.o
                                                  ./Libraries/System_stm32f10x/src/stm32f1xx_it.o
                                                  ./src/src/DS18B20.o
SysTick_GetCurrentTick                            ./src/src/SysTick.o
SysTick_Handler                                   ./Libraries/System_stm32f10x/src/stm32f1xx_it.o
                                                  ./Libraries/System_stm32f10x/src/startup_stm32f10x_md.o
SysTick_Init                                      ./src/src/SysTick.o
                                                  ./src/main.o
SystemCoreClock                                   ./Libraries/System_stm32f10x/src/system_stm32f10x.o
                                                  ./src/src/SysTick.o
SystemCoreClockUpdate                             ./Libraries/System_stm32f10x/src/system_stm32f10x.o
                                                  ./src/src/SysTick.o
SystemInit                                        ./Libraries/System_stm32f10x/src/system_stm32f10x.o
                                                  ./Libraries/System_stm32f10x/src/startup_stm32f10x_md.o
TAMPER_IRQHandler                                 ./Libraries/System_stm32f10x/src/startup_stm32f10x_md.o
TIM1_BRK_IRQHandler                               ./Libraries/System_stm32f10x/src/startup_stm32f10x_md.o
TIM1_CC_IRQHandler                                ./Libraries/System_stm32f10x/src/startup_stm32f10x_md.o
TIM1_TRG_COM_IRQHandler                           ./Libraries/System_stm32f10x/src/startup_stm32f10x_md.o
TIM1_UP_IRQHandler                                ./Libraries/System_stm32f10x/src/startup_stm32f10x_md.o
TIM2_IRQHandler                                   ./Libraries/System_stm32f10x/src/startup_stm32f10x_md.o
TIM3_IRQHandler                                   ./Libraries/System_stm32f10x/src/startup_stm32f10x_md.o
TIM4_IRQHandler                                   ./Libraries/System_stm32f10x/src/startup_stm32f10x_md.o
USART1_GPIO_Init                                  ./src/src/usart.o
USART1_IRQHandler                                 ./Libraries/System_stm32f10x/src/stm32f1xx_it.o
                                                  ./Libraries/System_stm32f10x/src/startup_stm32f10x_md.o
USART1_IRQ_Callback                               ./src/src/usart.o
                                                  ./Libraries/System_stm32f10x/src/stm32f1xx_it.o
USART1_Init                                       ./src/src/usart.o
USART1_Process                                    ./src/src/usart.o
USART1_RX_DMA_Config                              ./src/src/usart.o
USART1_RX_DMA_IRQ_Callback                        ./src/src/usart.o
                                                  ./Libraries/System_stm32f10x/src/stm32f1xx_it.o
USART1_TX_DMA_Config                              ./src/src/usart.o
USART1_TX_DMA_IRQ_Callback                        ./src/src/usart.o
                                                  ./Libraries/System_stm32f10x/src/stm32f1xx_it.o
USART2_IRQHandler                                 ./Libraries/System_stm32f10x/src/startup_stm32f10x_md.o
USART3_IRQHandler                                 ./Libraries/System_stm32f10x/src/startup_stm32f10x_md.o
USART3_RX_DMA_IRQ_Callback                        ./src/src/DS18B20.o
                                                  ./Libraries/System_stm32f10x/src/stm32f1xx_it.o
USART3_TX_DMA_IRQ_Callback                        ./src/src/DS18B20.o
                                                  ./Libraries/System_stm32f10x/src/stm32f1xx_it.o
USART_Enable                                      ./src/src/usart.o
USART_Send_String                                 ./src/src/usart.o
USBWakeUp_IRQHandler                              ./Libraries/System_stm32f10x/src/startup_stm32f10x_md.o
USB_HP_CAN1_TX_IRQHandler                         ./Libraries/System_stm32f10x/src/startup_stm32f10x_md.o
USB_LP_CAN1_RX0_IRQHandler                        ./Libraries/System_stm32f10x/src/startup_stm32f10x_md.o
UsageFault_Handler                                ./Libraries/System_stm32f10x/src/stm32f1xx_it.o
                                                  ./Libraries/System_stm32f10x/src/startup_stm32f10x_md.o
WWDG_IRQHandler                                   ./Libraries/System_stm32f10x/src/startup_stm32f10x_md.o
__adddf3                                          c:/program files (x86)/atollic/truestudio for stm32 9.0.1/armtools/bin/../lib/gcc/arm-atollic-eabi/6.3.1/armv7-m\libgcc.a(_arm_addsubdf3.o)
__addsf3                                          c:/program files (x86)/atollic/truestudio for stm32 9.0.1/armtools/bin/../lib/gcc/arm-atollic-eabi/6.3.1/armv7-m\libgcc.a(_arm_addsubsf3.o)
__aeabi_d2uiz                                     c:/program files (x86)/atollic/truestudio for stm32 9.0.1/armtools/bin/../lib/gcc/arm-atollic-eabi/6.3.1/armv7-m\libgcc.a(_arm_fixunsdfsi.o)
                                                  ./src/src/usart.o
__aeabi_dadd                                      c:/program files (x86)/atollic/truestudio for stm32 9.0.1/armtools/bin/../lib/gcc/arm-atollic-eabi/6.3.1/armv7-m\libgcc.a(_arm_addsubdf3.o)
                                                  c:/program files (x86)/atollic/truestudio for stm32 9.0.1/armtools/bin/../lib/gcc/arm-atollic-eabi/6.3.1/../../../../arm-atollic-eabi/lib/armv7-m\libm.a(lib_a-s_round.o)
                                                  ./src/src/usart.o
__aeabi_ddiv                                      c:/program files (x86)/atollic/truestudio for stm32 9.0.1/armtools/bin/../lib/gcc/arm-atollic-eabi/6.3.1/armv7-m\libgcc.a(_arm_muldivdf3.o)
                                                  ./src/src/usart.o
__aeabi_dmul                                      c:/program files (x86)/atollic/truestudio for stm32 9.0.1/armtools/bin/../lib/gcc/arm-atollic-eabi/6.3.1/armv7-m\libgcc.a(_arm_muldivdf3.o)
                                                  ./src/src/usart.o
__aeabi_drsub                                     c:/program files (x86)/atollic/truestudio for stm32 9.0.1/armtools/bin/../lib/gcc/arm-atollic-eabi/6.3.1/armv7-m\libgcc.a(_arm_addsubdf3.o)
__aeabi_dsub                                      c:/program files (x86)/atollic/truestudio for stm32 9.0.1/armtools/bin/../lib/gcc/arm-atollic-eabi/6.3.1/armv7-m\libgcc.a(_arm_addsubdf3.o)
                                                  ./src/src/usart.o
__aeabi_f2d                                       c:/program files (x86)/atollic/truestudio for stm32 9.0.1/armtools/bin/../lib/gcc/arm-atollic-eabi/6.3.1/armv7-m\libgcc.a(_arm_addsubdf3.o)
__aeabi_fadd                                      c:/program files (x86)/atollic/truestudio for stm32 9.0.1/armtools/bin/../lib/gcc/arm-atollic-eabi/6.3.1/armv7-m\libgcc.a(_arm_addsubsf3.o)
__aeabi_fdiv                                      c:/program files (x86)/atollic/truestudio for stm32 9.0.1/armtools/bin/../lib/gcc/arm-atollic-eabi/6.3.1/armv7-m\libgcc.a(_arm_muldivsf3.o)
                                                  ./src/src/DS18B20.o
__aeabi_fmul                                      c:/program files (x86)/atollic/truestudio for stm32 9.0.1/armtools/bin/../lib/gcc/arm-atollic-eabi/6.3.1/armv7-m\libgcc.a(_arm_muldivsf3.o)
__aeabi_frsub                                     c:/program files (x86)/atollic/truestudio for stm32 9.0.1/armtools/bin/../lib/gcc/arm-atollic-eabi/6.3.1/armv7-m\libgcc.a(_arm_addsubsf3.o)
__aeabi_fsub                                      c:/program files (x86)/atollic/truestudio for stm32 9.0.1/armtools/bin/../lib/gcc/arm-atollic-eabi/6.3.1/armv7-m\libgcc.a(_arm_addsubsf3.o)
__aeabi_i2d                                       c:/program files (x86)/atollic/truestudio for stm32 9.0.1/armtools/bin/../lib/gcc/arm-atollic-eabi/6.3.1/armv7-m\libgcc.a(_arm_addsubdf3.o)
                                                  ./src/src/usart.o
__aeabi_i2f                                       c:/program files (x86)/atollic/truestudio for stm32 9.0.1/armtools/bin/../lib/gcc/arm-atollic-eabi/6.3.1/armv7-m\libgcc.a(_arm_addsubsf3.o)
__aeabi_l2d                                       c:/program files (x86)/atollic/truestudio for stm32 9.0.1/armtools/bin/../lib/gcc/arm-atollic-eabi/6.3.1/armv7-m\libgcc.a(_arm_addsubdf3.o)
__aeabi_l2f                                       c:/program files (x86)/atollic/truestudio for stm32 9.0.1/armtools/bin/../lib/gcc/arm-atollic-eabi/6.3.1/armv7-m\libgcc.a(_arm_addsubsf3.o)
__aeabi_ui2d                                      c:/program files (x86)/atollic/truestudio for stm32 9.0.1/armtools/bin/../lib/gcc/arm-atollic-eabi/6.3.1/armv7-m\libgcc.a(_arm_addsubdf3.o)
                                                  ./src/src/usart.o
__aeabi_ui2f                                      c:/program files (x86)/atollic/truestudio for stm32 9.0.1/armtools/bin/../lib/gcc/arm-atollic-eabi/6.3.1/armv7-m\libgcc.a(_arm_addsubsf3.o)
                                                  ./src/src/DS18B20.o
__aeabi_ul2d                                      c:/program files (x86)/atollic/truestudio for stm32 9.0.1/armtools/bin/../lib/gcc/arm-atollic-eabi/6.3.1/armv7-m\libgcc.a(_arm_addsubdf3.o)
__aeabi_ul2f                                      c:/program files (x86)/atollic/truestudio for stm32 9.0.1/armtools/bin/../lib/gcc/arm-atollic-eabi/6.3.1/armv7-m\libgcc.a(_arm_addsubsf3.o)
__deregister_frame_info                           c:/program files (x86)/atollic/truestudio for stm32 9.0.1/armtools/bin/../lib/gcc/arm-atollic-eabi/6.3.1/armv7-m/crtbegin.o
__divdf3                                          c:/program files (x86)/atollic/truestudio for stm32 9.0.1/armtools/bin/../lib/gcc/arm-atollic-eabi/6.3.1/armv7-m\libgcc.a(_arm_muldivdf3.o)
__divsf3                                          c:/program files (x86)/atollic/truestudio for stm32 9.0.1/armtools/bin/../lib/gcc/arm-atollic-eabi/6.3.1/armv7-m\libgcc.a(_arm_muldivsf3.o)
__dso_handle                                      c:/program files (x86)/atollic/truestudio for stm32 9.0.1/armtools/bin/../lib/gcc/arm-atollic-eabi/6.3.1/armv7-m/crtbegin.o
__extendsfdf2                                     c:/program files (x86)/atollic/truestudio for stm32 9.0.1/armtools/bin/../lib/gcc/arm-atollic-eabi/6.3.1/armv7-m\libgcc.a(_arm_addsubdf3.o)
__fixunsdfsi                                      c:/program files (x86)/atollic/truestudio for stm32 9.0.1/armtools/bin/../lib/gcc/arm-atollic-eabi/6.3.1/armv7-m\libgcc.a(_arm_fixunsdfsi.o)
__floatdidf                                       c:/program files (x86)/atollic/truestudio for stm32 9.0.1/armtools/bin/../lib/gcc/arm-atollic-eabi/6.3.1/armv7-m\libgcc.a(_arm_addsubdf3.o)
__floatdisf                                       c:/program files (x86)/atollic/truestudio for stm32 9.0.1/armtools/bin/../lib/gcc/arm-atollic-eabi/6.3.1/armv7-m\libgcc.a(_arm_addsubsf3.o)
__floatsidf                                       c:/program files (x86)/atollic/truestudio for stm32 9.0.1/armtools/bin/../lib/gcc/arm-atollic-eabi/6.3.1/armv7-m\libgcc.a(_arm_addsubdf3.o)
__floatsisf                                       c:/program files (x86)/atollic/truestudio for stm32 9.0.1/armtools/bin/../lib/gcc/arm-atollic-eabi/6.3.1/armv7-m\libgcc.a(_arm_addsubsf3.o)
__floatundidf                                     c:/program files (x86)/atollic/truestudio for stm32 9.0.1/armtools/bin/../lib/gcc/arm-atollic-eabi/6.3.1/armv7-m\libgcc.a(_arm_addsubdf3.o)
__floatundisf                                     c:/program files (x86)/atollic/truestudio for stm32 9.0.1/armtools/bin/../lib/gcc/arm-atollic-eabi/6.3.1/armv7-m\libgcc.a(_arm_addsubsf3.o)
__floatunsidf                                     c:/program files (x86)/atollic/truestudio for stm32 9.0.1/armtools/bin/../lib/gcc/arm-atollic-eabi/6.3.1/armv7-m\libgcc.a(_arm_addsubdf3.o)
__floatunsisf                                     c:/program files (x86)/atollic/truestudio for stm32 9.0.1/armtools/bin/../lib/gcc/arm-atollic-eabi/6.3.1/armv7-m\libgcc.a(_arm_addsubsf3.o)
__init_array_end                                  c:/program files (x86)/atollic/truestudio for stm32 9.0.1/armtools/bin/../lib/gcc/arm-atollic-eabi/6.3.1/../../../../arm-atollic-eabi/lib/armv7-m\libc_nano.a(lib_a-init.o)
__init_array_start                                c:/program files (x86)/atollic/truestudio for stm32 9.0.1/armtools/bin/../lib/gcc/arm-atollic-eabi/6.3.1/../../../../arm-atollic-eabi/lib/armv7-m\libc_nano.a(lib_a-init.o)
__libc_init_array                                 c:/program files (x86)/atollic/truestudio for stm32 9.0.1/armtools/bin/../lib/gcc/arm-atollic-eabi/6.3.1/../../../../arm-atollic-eabi/lib/armv7-m\libc_nano.a(lib_a-init.o)
                                                  ./Libraries/System_stm32f10x/src/startup_stm32f10x_md.o
__muldf3                                          c:/program files (x86)/atollic/truestudio for stm32 9.0.1/armtools/bin/../lib/gcc/arm-atollic-eabi/6.3.1/armv7-m\libgcc.a(_arm_muldivdf3.o)
__mulsf3                                          c:/program files (x86)/atollic/truestudio for stm32 9.0.1/armtools/bin/../lib/gcc/arm-atollic-eabi/6.3.1/armv7-m\libgcc.a(_arm_muldivsf3.o)
__preinit_array_end                               c:/program files (x86)/atollic/truestudio for stm32 9.0.1/armtools/bin/../lib/gcc/arm-atollic-eabi/6.3.1/../../../../arm-atollic-eabi/lib/armv7-m\libc_nano.a(lib_a-init.o)
__preinit_array_start                             c:/program files (x86)/atollic/truestudio for stm32 9.0.1/armtools/bin/../lib/gcc/arm-atollic-eabi/6.3.1/../../../../arm-atollic-eabi/lib/armv7-m\libc_nano.a(lib_a-init.o)
__register_frame_info                             c:/program files (x86)/atollic/truestudio for stm32 9.0.1/armtools/bin/../lib/gcc/arm-atollic-eabi/6.3.1/armv7-m/crtbegin.o
__subdf3                                          c:/program files (x86)/atollic/truestudio for stm32 9.0.1/armtools/bin/../lib/gcc/arm-atollic-eabi/6.3.1/armv7-m\libgcc.a(_arm_addsubdf3.o)
__subsf3                                          c:/program files (x86)/atollic/truestudio for stm32 9.0.1/armtools/bin/../lib/gcc/arm-atollic-eabi/6.3.1/armv7-m\libgcc.a(_arm_addsubsf3.o)
_ebss                                             ./Libraries/System_stm32f10x/src/startup_stm32f10x_md.o
_edata                                            ./Libraries/System_stm32f10x/src/startup_stm32f10x_md.o
_estack                                           ./Libraries/System_stm32f10x/src/startup_stm32f10x_md.o
_fini                                             c:/program files (x86)/atollic/truestudio for stm32 9.0.1/armtools/bin/../lib/gcc/arm-atollic-eabi/6.3.1/armv7-m/crti.o
_init                                             c:/program files (x86)/atollic/truestudio for stm32 9.0.1/armtools/bin/../lib/gcc/arm-atollic-eabi/6.3.1/armv7-m/crti.o
                                                  c:/program files (x86)/atollic/truestudio for stm32 9.0.1/armtools/bin/../lib/gcc/arm-atollic-eabi/6.3.1/../../../../arm-atollic-eabi/lib/armv7-m\libc_nano.a(lib_a-init.o)
_sbss                                             ./Libraries/System_stm32f10x/src/startup_stm32f10x_md.o
_sdata                                            ./Libraries/System_stm32f10x/src/startup_stm32f10x_md.o
_sidata                                           ./Libraries/System_stm32f10x/src/startup_stm32f10x_md.o
g_pfnVectors                                      ./Libraries/System_stm32f10x/src/startup_stm32f10x_md.o
main                                              ./src/main.o
                                                  ./Libraries/System_stm32f10x/src/startup_stm32f10x_md.o
memcpy32                                          ./src/src/memcpy.o
round                                             c:/program files (x86)/atollic/truestudio for stm32 9.0.1/armtools/bin/../lib/gcc/arm-atollic-eabi/6.3.1/../../../../arm-atollic-eabi/lib/armv7-m\libm.a(lib_a-s_round.o)
                                                  ./src/src/usart.o
