stm32f1xx_it.c:54:6:NMI_Handler	4	static
stm32f1xx_it.c:63:6:HardFault_Handler	4	static
stm32f1xx_it.c:76:6:MemManage_Handler	4	static
stm32f1xx_it.c:89:6:BusFault_Handler	4	static
stm32f1xx_it.c:102:6:UsageFault_Handler	4	static
stm32f1xx_it.c:115:6:SVC_Handler	4	static
stm32f1xx_it.c:124:6:DebugMon_Handler	4	static
stm32f1xx_it.c:133:6:PendSV_Handler	4	static
stm32f1xx_it.c:142:6:SysTick_Handler	4	static
stm32f1xx_it.c:169:6:EXTI0_IRQHandler	8	static
stm32f1xx_it.c:194:6:EXTI1_IRQHandler	4	static
stm32f1xx_it.c:205:6:EXTI2_IRQHandler	4	static
stm32f1xx_it.c:216:6:EXTI3_IRQHandler	4	static
stm32f1xx_it.c:228:6:DMA1_Channel4_IRQHandler	8	static
stm32f1xx_it.c:238:6:DMA1_Channel5_IRQHandler	8	static
stm32f1xx_it.c:247:6:DMA1_Channel2_IRQHandler	8	static
stm32f1xx_it.c:257:6:DMA1_Channel3_IRQHandler	8	static
stm32f1xx_it.c:267:6:USART1_IRQHandler	8	static
