core_cm3.h:971:22:NVIC_SetPendingIRQ	16	static
usart.c:114:25:strCmp	32	static
usart.c:150:6:USART1_IRQ_Callback	16	static
usart.c:199:6:USART1_TX_DMA_Config	8	static
usart.c:264:6:USART1_RX_DMA_Config	8	static
usart.c:333:6:USART1_TX_DMA_IRQ_Callback	8	static
usart.c:358:6:USART1_RX_DMA_IRQ_Callback	16	static
usart.c:409:6:USART_Send_String	24	static
usart.c:451:6:USART1_GPIO_Init	16	static
usart.c:498:10:Cal_USART_BRR_Val	40	static
usart.c:529:6:USART1_Init	16	static
usart.c:581:6:USART_Enable	16	static
usart.c:610:6:USART1_Process	16	static
